This is pdfTeX, Version 3.141592653-2.6-1.40.29 (MiKTeX 26.2) (preloaded format=pdflatex 2026.3.26)  19 MAY 2026 00:13
entering extended mode
 restricted \write18 enabled.
 file:line:error style messages enabled.
 %&-line parsing enabled.
**"c:/Users/janth/Desktop/Playground/latex-research/main copy.tex"
(c:/Users/janth/Desktop/Playground/latex-research/main copy.tex
LaTeX2e <2025-11-01>
L3 programming layer <2026-01-19>
(research.cls
Document Class: research 2025/01/01 Custom Research Class
(C:\Program Files\MiKTeX\tex/latex/base\report.cls
Document Class: report 2025/01/22 v1.4n Standard LaTeX document class
(C:\Program Files\MiKTeX\tex/latex/base\size12.clo
File: size12.clo 2025/01/22 v1.4n Standard LaTeX file (size option)
)
\c@part=\count275
\c@chapter=\count276
\c@section=\count277
\c@subsection=\count278
\c@subsubsection=\count279
\c@paragraph=\count280
\c@subparagraph=\count281
\c@figure=\count282
\c@table=\count283
\abovecaptionskip=\skip49
\belowcaptionskip=\skip50
\bibindent=\dimen148
) (C:\Users\janth\AppData\Roaming\MiKTeX\tex/latex/geometry\geometry.sty
Package: geometry 2026/03/07 v6.0 Page Geometry
 (C:\Program Files\MiKTeX\tex/latex/graphics\keyval.sty
Package: keyval 2022/05/29 v1.15 key=value parser (DPC)
\KV@toks@=\toks17
) (C:\Program Files\MiKTeX\tex/generic/iftex\ifvtex.sty
Package: ifvtex 2019/10/25 v1.7 ifvtex legacy package. Use iftex instead.
 (C:\Program Files\MiKTeX\tex/generic/iftex\iftex.sty
Package: iftex 2024/12/12 v1.0g TeX engine tests
))
\Gm@cnth=\count284
\Gm@cntv=\count285
\c@Gm@tempcnt=\count286
\Gm@bindingoffset=\dimen149
\Gm@wd@mp=\dimen150
\Gm@odd@mp=\dimen151
\Gm@even@mp=\dimen152
\Gm@layoutwidth=\dimen153
\Gm@layoutheight=\dimen154
\Gm@layouthoffset=\dimen155
\Gm@layoutvoffset=\dimen156
\Gm@dimlist=\toks18
 (C:\Users\janth\AppData\Roaming\MiKTeX\tex/latex/geometry\geometry.cfg)) (C:\Users\janth\AppData\Roaming\MiKTeX\tex/latex/fancyhdr\fancyhdr.sty
Package: fancyhdr 2025/02/07 v5.2 Extensive control of page headers and footers
\f@nch@headwidth=\skip51
\f@nch@offset@elh=\skip52
\f@nch@offset@erh=\skip53
\f@nch@offset@olh=\skip54
\f@nch@offset@orh=\skip55
\f@nch@offset@elf=\skip56
\f@nch@offset@erf=\skip57
\f@nch@offset@olf=\skip58
\f@nch@offset@orf=\skip59
\f@nch@height=\skip60
\f@nch@footalignment=\skip61
\f@nch@widthL=\skip62
\f@nch@widthC=\skip63
\f@nch@widthR=\skip64
\@temptokenb=\toks19
) (C:\Users\janth\AppData\Roaming\MiKTeX\tex/latex/titlesec\titlesec.sty
Package: titlesec 2025/01/04 v2.17 Sectioning titles
\ttl@box=\box53
\beforetitleunit=\skip65
\aftertitleunit=\skip66
\ttl@plus=\dimen157
\ttl@minus=\dimen158
\ttl@toksa=\toks20
\titlewidth=\dimen159
\titlewidthlast=\dimen160
\titlewidthfirst=\dimen161
) (C:\Users\janth\AppData\Roaming\MiKTeX\tex/latex/tocloft\tocloft.sty
Package: tocloft 2017/08/31 v2.3i parameterised ToC, etc., typesetting
Package tocloft Info: The document has chapter divisions on input line 51.
\cftparskip=\skip67
\cftbeforetoctitleskip=\skip68
\cftaftertoctitleskip=\skip69
\cftbeforepartskip=\skip70
\cftpartnumwidth=\skip71
\cftpartindent=\skip72
\cftbeforechapskip=\skip73
\cftchapindent=\skip74
\cftchapnumwidth=\skip75
\cftbeforesecskip=\skip76
\cftsecindent=\skip77
\cftsecnumwidth=\skip78
\cftbeforesubsecskip=\skip79
\cftsubsecindent=\skip80
\cftsubsecnumwidth=\skip81
\cftbeforesubsubsecskip=\skip82
\cftsubsubsecindent=\skip83
\cftsubsubsecnumwidth=\skip84
\cftbeforeparaskip=\skip85
\cftparaindent=\skip86
\cftparanumwidth=\skip87
\cftbeforesubparaskip=\skip88
\cftsubparaindent=\skip89
\cftsubparanumwidth=\skip90
\cftbeforeloftitleskip=\skip91
\cftafterloftitleskip=\skip92
\cftbeforefigskip=\skip93
\cftfigindent=\skip94
\cftfignumwidth=\skip95
\c@lofdepth=\count287
\c@lotdepth=\count288
\cftbeforelottitleskip=\skip96
\cftafterlottitleskip=\skip97
\cftbeforetabskip=\skip98
\cfttabindent=\skip99
\cfttabnumwidth=\skip100
) (C:\Program Files\MiKTeX\tex/latex/biblatex\biblatex.sty
Package: biblatex 2025/07/10 v3.21 programmable bibliographies (PK/MW)
 (C:\Program Files\MiKTeX\tex/generic/pdftexcmds\pdftexcmds.sty
Package: pdftexcmds 2020-06-27 v0.33 Utility functions of pdfTeX for LuaTeX (HO)
 (C:\Users\janth\AppData\Roaming\MiKTeX\tex/generic/infwarerr\infwarerr.sty
Package: infwarerr 2019/12/03 v1.5 Providing info/warning/error messages (HO)
) (C:\Users\janth\AppData\Roaming\MiKTeX\tex/generic/ltxcmds\ltxcmds.sty
Package: ltxcmds 2023-12-04 v1.26 LaTeX kernel commands for general use (HO)
)
Package pdftexcmds Info: \pdf@primitive is available.
Package pdftexcmds Info: \pdf@ifprimitive is available.
Package pdftexcmds Info: \pdfdraftmode found.
) (C:\Program Files\MiKTeX\tex/latex/etoolbox\etoolbox.sty
Package: etoolbox 2025/10/02 v2.5m e-TeX tools for LaTeX (JAW)
\etb@tempcnta=\count289
) (C:\Users\janth\AppData\Roaming\MiKTeX\tex/latex/kvoptions\kvoptions.sty
Package: kvoptions 2022-06-15 v3.15 Key value format for package options (HO)
 (C:\Users\janth\AppData\Roaming\MiKTeX\tex/latex/kvsetkeys\kvsetkeys.sty
Package: kvsetkeys 2022-10-05 v1.19 Key value parser (HO)
)) (C:\Users\janth\AppData\Roaming\MiKTeX\tex/latex/logreq\logreq.sty
Package: logreq 2010/08/04 v1.0 xml request logger
\lrq@indent=\count290
 (C:\Users\janth\AppData\Roaming\MiKTeX\tex/latex/logreq\logreq.def
File: logreq.def 2010/08/04 v1.0 logreq spec v1.0
)) (C:\Program Files\MiKTeX\tex/latex/base\ifthen.sty
Package: ifthen 2024/03/16 v1.1e Standard LaTeX ifthen package (DPC)
) (C:\Program Files\MiKTeX\tex/latex/url\url.sty
\Urlmuskip=\muskip17
Package: url 2013/09/16  ver 3.4  Verb mode for urls, etc.
)
\c@tabx@nest=\count291
\c@listtotal=\count292
\c@listcount=\count293
\c@liststart=\count294
\c@liststop=\count295
\c@citecount=\count296
\c@citetotal=\count297
\c@multicitecount=\count298
\c@multicitetotal=\count299
\c@instcount=\count300
\c@maxnames=\count301
\c@minnames=\count302
\c@maxitems=\count303
\c@minitems=\count304
\c@citecounter=\count305
\c@maxcitecounter=\count306
\c@savedcitecounter=\count307
\c@uniquelist=\count308
\c@uniquename=\count309
\c@refsection=\count310
\c@refsegment=\count311
\c@maxextratitle=\count312
\c@maxextratitleyear=\count313
\c@maxextraname=\count314
\c@maxextradate=\count315
\c@maxextraalpha=\count316
\c@abbrvpenalty=\count317
\c@highnamepenalty=\count318
\c@lownamepenalty=\count319
\c@maxparens=\count320
\c@parenlevel=\count321
\blx@tempcnta=\count322
\blx@tempcntb=\count323
\blx@tempcntc=\count324
\c@blx@maxsection=\count325
\blx@maxsegment@0=\count326
\blx@notetype=\count327
\blx@parenlevel@text=\count328
\blx@parenlevel@foot=\count329
\blx@sectionciteorder@0=\count330
\blx@sectionciteorderinternal@0=\count331
\blx@entrysetcounter=\count332
\blx@biblioinstance=\count333
\labelnumberwidth=\skip101
\labelalphawidth=\skip102
\biblabelsep=\skip103
\bibitemsep=\skip104
\bibnamesep=\skip105
\bibinitsep=\skip106
\bibparsep=\skip107
\bibhang=\skip108
\blx@bcfin=\read2
\blx@bcfout=\write3
\blx@langwohyphens=\language79
\c@mincomprange=\count334
\c@maxcomprange=\count335
\c@mincompwidth=\count336
Package biblatex Info: Trying to load biblatex default data model...
Package biblatex Info: ... file 'blx-dm.def' found.
 (C:\Program Files\MiKTeX\tex/latex/biblatex\blx-dm.def
File: blx-dm.def 2025/07/10 v3.21 biblatex datamodel (PK/MW)
)
Package biblatex Info: Trying to load biblatex style data model...
Package biblatex Info: ... file 'numeric.dbx' not found.
Package biblatex Info: Trying to load biblatex custom data model...
Package biblatex Info: ... file 'biblatex-dm.cfg' not found.
\c@afterword=\count337
\c@savedafterword=\count338
\c@annotator=\count339
\c@savedannotator=\count340
\c@author=\count341
\c@savedauthor=\count342
\c@bookauthor=\count343
\c@savedbookauthor=\count344
\c@commentator=\count345
\c@savedcommentator=\count346
\c@editor=\count347
\c@savededitor=\count348
\c@editora=\count349
\c@savededitora=\count350
\c@editorb=\count351
\c@savededitorb=\count352
\c@editorc=\count353
\c@savededitorc=\count354
\c@foreword=\count355
\c@savedforeword=\count356
\c@holder=\count357
\c@savedholder=\count358
\c@introduction=\count359
\c@savedintroduction=\count360
\c@namea=\count361
\c@savednamea=\count362
\c@nameb=\count363
\c@savednameb=\count364
\c@namec=\count365
\c@savednamec=\count366
\c@translator=\count367
\c@savedtranslator=\count368
\c@shortauthor=\count369
\c@savedshortauthor=\count370
\c@shorteditor=\count371
\c@savedshorteditor=\count372
\c@labelname=\count373
\c@savedlabelname=\count374
\c@institution=\count375
\c@savedinstitution=\count376
\c@lista=\count377
\c@savedlista=\count378
\c@listb=\count379
\c@savedlistb=\count380
\c@listc=\count381
\c@savedlistc=\count382
\c@listd=\count383
\c@savedlistd=\count384
\c@liste=\count385
\c@savedliste=\count386
\c@listf=\count387
\c@savedlistf=\count388
\c@location=\count389
\c@savedlocation=\count390
\c@organization=\count391
\c@savedorganization=\count392
\c@origlocation=\count393
\c@savedoriglocation=\count394
\c@origpublisher=\count395
\c@savedorigpublisher=\count396
\c@publisher=\count397
\c@savedpublisher=\count398
\c@language=\count399
\c@savedlanguage=\count400
\c@origlanguage=\count401
\c@savedoriglanguage=\count402
\c@pageref=\count403
\c@savedpageref=\count404
\shorthandwidth=\skip109
\shortjournalwidth=\skip110
\shortserieswidth=\skip111
\shorttitlewidth=\skip112
\shortauthorwidth=\skip113
\shorteditorwidth=\skip114
\locallabelnumberwidth=\skip115
\locallabelalphawidth=\skip116
\localshorthandwidth=\skip117
\localshortjournalwidth=\skip118
\localshortserieswidth=\skip119
\localshorttitlewidth=\skip120
\localshortauthorwidth=\skip121
\localshorteditorwidth=\skip122
Package biblatex Info: Trying to load compatibility code...
Package biblatex Info: ... file 'blx-compat.def' found.
 (C:\Program Files\MiKTeX\tex/latex/biblatex\blx-compat.def
File: blx-compat.def 2025/07/10 v3.21 biblatex compatibility (PK/MW)
)
Package biblatex Info: Trying to load generic definitions...
Package biblatex Info: ... file 'biblatex.def' found.
 (C:\Program Files\MiKTeX\tex/latex/biblatex\biblatex.def
File: biblatex.def 2025/07/10 v3.21 biblatex compatibility (PK/MW)
\c@textcitecount=\count405
\c@textcitetotal=\count406
\c@textcitemaxnames=\count407
\c@biburlbigbreakpenalty=\count408
\c@biburlbreakpenalty=\count409
\c@biburlnumpenalty=\count410
\c@biburlucpenalty=\count411
\c@biburllcpenalty=\count412
\biburlbigskip=\muskip18
\biburlnumskip=\muskip19
\biburlucskip=\muskip20
\biburllcskip=\muskip21
\c@smartand=\count413
)
Package biblatex Info: Trying to load bibliography style 'numeric'...
Package biblatex Info: ... file 'numeric.bbx' found.
 (C:\Program Files\MiKTeX\tex/latex/biblatex/bbx\numeric.bbx
File: numeric.bbx 2025/07/10 v3.21 biblatex bibliography style (PK/MW)
Package biblatex Info: Trying to load bibliography style 'standard'...
Package biblatex Info: ... file 'standard.bbx' found.
 (C:\Program Files\MiKTeX\tex/latex/biblatex/bbx\standard.bbx
File: standard.bbx 2025/07/10 v3.21 biblatex bibliography style (PK/MW)
\c@bbx:relatedcount=\count414
\c@bbx:relatedtotal=\count415
))
Package biblatex Info: Trying to load citation style 'numeric'...
Package biblatex Info: ... file 'numeric.cbx' found.
 (C:\Program Files\MiKTeX\tex/latex/biblatex/cbx\numeric.cbx
File: numeric.cbx 2025/07/10 v3.21 biblatex citation style (PK/MW)
Package biblatex Info: Redefining '\cite'.
Package biblatex Info: Redefining '\parencite'.
Package biblatex Info: Redefining '\footcite'.
Package biblatex Info: Redefining '\footcitetext'.
Package biblatex Info: Redefining '\smartcite'.
Package biblatex Info: Redefining '\supercite'.
Package biblatex Info: Redefining '\textcite'.
Package biblatex Info: Redefining '\textcites'.
Package biblatex Info: Redefining '\cites'.
Package biblatex Info: Redefining '\parencites'.
Package biblatex Info: Redefining '\smartcites'.
)
Package biblatex Info: Trying to load configuration file...
Package biblatex Info: ... file 'biblatex.cfg' found.
 (C:\Program Files\MiKTeX\tex/latex/biblatex\biblatex.cfg
File: biblatex.cfg 
)
Package biblatex Info: Input encoding 'utf8' detected.
Package biblatex Info: Document encoding is UTF8 ....
 (C:\Program Files\MiKTeX\tex/latex/l3kernel\expl3.sty
Package: expl3 2026-01-19 L3 programming layer (loader) 
 (C:\Program Files\MiKTeX\tex/latex/l3backend\l3backend-pdftex.def
File: l3backend-pdftex.def 2025-10-09 L3 backend support: PDF output (pdfTeX)
\l__color_backend_stack_int=\count416
))
Package biblatex Info: ... and expl3
(biblatex)             2026-01-19 L3 programming layer (loader) 
(biblatex)             is new enough (at least 2020/04/06),
(biblatex)             setting 'casechanger=expl3'.
 (C:\Program Files\MiKTeX\tex/latex/biblatex\blx-case-expl3.sty (C:\Program Files\MiKTeX\tex/latex/l3packages/xparse\xparse.sty
Package: xparse 2025-10-09 L3 Experimental document command parser
)
Package: blx-case-expl3 2025/07/10 v3.21 expl3 case changing code for biblatex
))) (C:\Program Files\MiKTeX\tex/latex/graphics\graphicx.sty
Package: graphicx 2024/12/31 v1.2e Enhanced LaTeX Graphics (DPC,SPQR)
 (C:\Program Files\MiKTeX\tex/latex/graphics\graphics.sty
Package: graphics 2024/08/06 v1.4g Standard LaTeX Graphics (DPC,SPQR)
 (C:\Program Files\MiKTeX\tex/latex/graphics\trig.sty
Package: trig 2023/12/02 v1.11 sin cos tan (DPC)
) (C:\Program Files\MiKTeX\tex/latex/graphics-cfg\graphics.cfg
File: graphics.cfg 2016/06/04 v1.11 sample graphics configuration
)
Package graphics Info: Driver file: pdftex.def on input line 106.
 (C:\Program Files\MiKTeX\tex/latex/graphics-def\pdftex.def
File: pdftex.def 2025/09/29 v1.2d Graphics/color driver for pdftex
))
\Gin@req@height=\dimen162
\Gin@req@width=\dimen163
) (C:\Program Files\MiKTeX\tex/latex/ragged2e\ragged2e.sty
Package: ragged2e 2023/06/22 v3.6 ragged2e Package
\CenteringLeftskip=\skip123
\RaggedLeftLeftskip=\skip124
\RaggedRightLeftskip=\skip125
\CenteringRightskip=\skip126
\RaggedLeftRightskip=\skip127
\RaggedRightRightskip=\skip128
\CenteringParfillskip=\skip129
\RaggedLeftParfillskip=\skip130
\RaggedRightParfillskip=\skip131
\JustifyingParfillskip=\skip132
\CenteringParindent=\skip133
\RaggedLeftParindent=\skip134
\RaggedRightParindent=\skip135
\JustifyingParindent=\skip136
) (C:\Users\janth\AppData\Roaming\MiKTeX\tex/latex/booktabs\booktabs.sty
Package: booktabs 2020/01/12 v1.61803398 Publication quality tables
\heavyrulewidth=\dimen164
\lightrulewidth=\dimen165
\cmidrulewidth=\dimen166
\belowrulesep=\dimen167
\belowbottomsep=\dimen168
\aboverulesep=\dimen169
\abovetopsep=\dimen170
\cmidrulesep=\dimen171
\cmidrulekern=\dimen172
\defaultaddspace=\dimen173
\@cmidla=\count417
\@cmidlb=\count418
\@aboverulesep=\dimen174
\@belowrulesep=\dimen175
\@thisruleclass=\count419
\@lastruleclass=\count420
\@thisrulewidth=\dimen176
) (C:\Program Files\MiKTeX\tex/latex/tools\array.sty
Package: array 2025/09/25 v2.6n Tabular extension package (FMi)
\col@sep=\dimen177
\ar@mcellbox=\box54
\extrarowheight=\dimen178
\NC@list=\toks21
\extratabsurround=\skip137
\backup@length=\skip138
\ar@cellbox=\box55
) (C:\Program Files\MiKTeX\tex/latex/tools\tabularx.sty
Package: tabularx 2023/12/11 v2.12a `tabularx' package (DPC)
\TX@col@width=\dimen179
\TX@old@table=\dimen180
\TX@old@col=\dimen181
\TX@target=\dimen182
\TX@delta=\dimen183
\TX@cols=\count421
\TX@ftn=\toks22
) (C:\Users\janth\AppData\Roaming\MiKTeX\tex/latex/microtype\microtype.sty
Package: microtype 2026/03/01 v3.2d Micro-typographical refinements (RS)
\MT@toks=\toks23
\MT@tempbox=\box56
\MT@count=\count422
LaTeX Info: Redefining \noprotrusionifhmode on input line 1084.
LaTeX Info: Redefining \leftprotrusion on input line 1085.
\MT@prot@toks=\toks24
LaTeX Info: Redefining \rightprotrusion on input line 1104.
LaTeX Info: Redefining \textls on input line 1449.
\MT@outer@kern=\dimen184
LaTeX Info: Redefining \microtypecontext on input line 2053.
LaTeX Info: Redefining \textmicrotypecontext on input line 2070.
\MT@listname@count=\count423
 (C:\Users\janth\AppData\Roaming\MiKTeX\tex/latex/microtype\microtype-pdftex.def
File: microtype-pdftex.def 2026/03/01 v3.2d Definitions specific to pdftex (RS)
LaTeX Info: Redefining \lsstyle on input line 944.
LaTeX Info: Redefining \lslig on input line 944.
\MT@outer@space=\skip139
)
Package microtype Info: Loading configuration file microtype.cfg.
 (C:\Users\janth\AppData\Roaming\MiKTeX\tex/latex/microtype\microtype.cfg
File: microtype.cfg 2026/03/01 v3.2d microtype main configuration file (RS)
)
LaTeX Info: Redefining \microtypesetup on input line 3065.
) (C:\Users\janth\AppData\Roaming\MiKTeX\tex/latex/float\float.sty
Package: float 2001/11/08 v1.3d Float enhancements (AL)
\c@float@type=\count424
\float@exts=\toks25
\float@box=\box57
\@float@everytoks=\toks26
\@floatcapt=\box58
) (C:\Users\janth\AppData\Roaming\MiKTeX\tex/latex/multirow\multirow.sty
Package: multirow 2024/11/12 v2.9 Span multiple rows of a table
\multirow@colwidth=\skip140
\multirow@cntb=\count425
\multirow@dima=\skip141
\bigstrutjot=\dimen185
) (C:\Program Files\MiKTeX\tex/latex/tools\longtable.sty
Package: longtable 2025-10-13 v4.24 Multi-page Table package (DPC)
\LTleft=\skip142
\LTright=\skip143
\LTpre=\skip144
\LTpost=\skip145
\LTchunksize=\count426
\LTcapwidth=\dimen186
\LT@head=\box59
\LT@firsthead=\box60
\LT@foot=\box61
\LT@lastfoot=\box62
\LT@gbox=\box63
\LT@cols=\count427
\LT@rows=\count428
\c@LT@tables=\count429
\c@LT@chunks=\count430
\LT@p@ftn=\toks27
)
\@quotelevel=\count431
\@quotereset=\count432
 (main copy.aux)
\openout1 = `"main copy.aux"'.

LaTeX Font Info:    Checking defaults for OML/cmm/m/it on input line 27.
LaTeX Font Info:    ... okay on input line 27.
LaTeX Font Info:    Checking defaults for OMS/cmsy/m/n on input line 27.
LaTeX Font Info:    ... okay on input line 27.
LaTeX Font Info:    Checking defaults for OT1/cmr/m/n on input line 27.
LaTeX Font Info:    ... okay on input line 27.
LaTeX Font Info:    Checking defaults for T1/cmr/m/n on input line 27.
LaTeX Font Info:    ... okay on input line 27.
LaTeX Font Info:    Checking defaults for TS1/cmr/m/n on input line 27.
LaTeX Font Info:    ... okay on input line 27.
LaTeX Font Info:    Checking defaults for OMX/cmex/m/n on input line 27.
LaTeX Font Info:    ... okay on input line 27.
LaTeX Font Info:    Checking defaults for U/cmr/m/n on input line 27.
LaTeX Font Info:    ... okay on input line 27.

*geometry* driver: auto-detecting
*geometry* detected driver: pdftex
*geometry* verbose mode - [ preamble ] result:
* driver: pdftex
* paper: custom
* layout: <same size as paper>
* layoutoffset:(h,v)=(0.0pt,0.0pt)
* modes: 
* h-part:(L,W,R)=(108.405pt, 433.62001pt, 72.26999pt)
* v-part:(T,H,B)=(72.26999pt, 650.43001pt, 72.26999pt)
* \paperwidth=614.295pt
* \paperheight=794.96999pt
* \textwidth=433.62001pt
* \textheight=650.43001pt
* \oddsidemargin=36.13501pt
* \evensidemargin=36.13501pt
* \topmargin=-39.5pt
* \headheight=14.5pt
* \headsep=25.0pt
* \topskip=12.0pt
* \footskip=30.0pt
* \marginparwidth=44.0pt
* \marginparsep=10.0pt
* \columnsep=10.0pt
* \skip\footins=10.8pt plus 4.0pt minus 2.0pt
* \hoffset=0.0pt
* \voffset=0.0pt
* \mag=1000
* \@twocolumnfalse
* \@twosidefalse
* \@mparswitchfalse
* \@reversemarginfalse
* (1in=72.27pt=25.4mm, 1cm=28.453pt)

Package biblatex Info: Trying to load language 'english'...
Package biblatex Info: ... file 'english.lbx' found.
(C:\Program Files\MiKTeX\tex/latex/biblatex/lbx\english.lbx
File: english.lbx 2025/07/10 v3.21 biblatex localization (PK/MW)
)
Package biblatex Info: Input encoding 'utf8' detected.
Package biblatex Info: Automatic encoding selection.
(biblatex)             Assuming data encoding 'utf8'.
\openout3 = `"main copy.bcf"'.

Package biblatex Info: Trying to load bibliographic data...
Package biblatex Info: ... file '"main copy".bbl' found.
 (main copy.bbl)
Package biblatex Info: Reference section=0 on input line 27.
Package biblatex Info: Reference segment=0 on input line 27.
 (C:\Program Files\MiKTeX\tex/context/base/mkii\supp-pdf.mkii
[Loading MPS to PDF converter (version 2006.09.02).]
\scratchcounter=\count433
\scratchdimen=\dimen187
\scratchbox=\box64
\nofMPsegments=\count434
\nofMParguments=\count435
\everyMPshowfont=\toks28
\MPscratchCnt=\count436
\MPscratchDim=\dimen188
\MPnumerator=\count437
\makeMPintoPDFobject=\count438
\everyMPtoPDFconversion=\toks29
) (C:\Program Files\MiKTeX\tex/latex/epstopdf-pkg\epstopdf-base.sty
Package: epstopdf-base 2020-01-24 v2.11 Base part for package epstopdf
Package epstopdf-base Info: Redefining graphics rule for `.eps' on input line 485.
 (C:\Program Files\MiKTeX\tex/latex/00miktex\epstopdf-sys.cfg
File: epstopdf-sys.cfg 2021/03/18 v2.0 Configuration of epstopdf for MiKTeX
))
LaTeX Info: Redefining \microtypecontext on input line 27.
Package microtype Info: Applying patch `item' on input line 27.
Package microtype Info: Applying patch `toc' on input line 27.
Package microtype Info: Applying patch `eqnum' on input line 27.
Package microtype Info: Applying patch `footnote' on input line 27.
Package microtype Info: Applying patch `verbatim' on input line 27.
LaTeX Info: Redefining \microtypesetup on input line 27.
Package microtype Info: Generating PDF output.
Package microtype Info: Character protrusion enabled (level 2).
Package microtype Info: Using default protrusion set `alltext'.
Package microtype Info: Automatic font expansion enabled (level 2),
(microtype)             stretch: 20, shrink: 20, step: 1, non-selected.
Package microtype Info: Using default expansion set `alltext-nott'.
Package microtype Info: Patching command `\showhyphens'.
Package microtype Info: No adjustment of tracking.
Package microtype Info: No adjustment of interword spacing.
Package microtype Info: No adjustment of character kerning.
 (C:\Users\janth\AppData\Roaming\MiKTeX\tex/latex/microtype\mt-cmr.cfg
File: mt-cmr.cfg 2013/05/19 v2.2 microtype config. file: Computer Modern Roman (RS)
) [1

{C:/Users/janth/AppData/Local/MiKTeX/fonts/map/pdftex/pdftex.map}] (main copy.toc
LaTeX Font Info:    External font `cmex10' loaded for size
(Font)              <12> on input line 1.
LaTeX Font Info:    External font `cmex10' loaded for size
(Font)              <8> on input line 1.
LaTeX Font Info:    External font `cmex10' loaded for size
(Font)              <6> on input line 1.
)
\tf@toc=\write4
\openout4 = `"main copy.toc"'.

 [2

] (main copy.lof)
\tf@lof=\write5
\openout5 = `"main copy.lof"'.

 [3

] (main copy.lot)
\tf@lot=\write6
\openout6 = `"main copy.lot"'.

 [4

]
Chapter 1.
[5


] [6] [7] [8] [9]
<images/fig1_theoretical_framework.png, id=32, 623.32875pt x 930.47626pt>
File: images/fig1_theoretical_framework.png Graphic file (type png)
<use images/fig1_theoretical_framework.png>
Package pdftex.def Info: images/fig1_theoretical_framework.png  used on input line 151.
(pdftex.def)             Requested size: 217.85446pt x 325.215pt.
 [10]
<images/fig2_conceptual_framework.png, id=36, 517.935pt x 377.41pt>
File: images/fig2_conceptual_framework.png Graphic file (type png)
<use images/fig2_conceptual_framework.png>
Package pdftex.def Info: images/fig2_conceptual_framework.png  used on input line 160.
(pdftex.def)             Requested size: 433.63986pt x 325.21701pt.
 [11 <./images/fig1_theoretical_framework.png>] [12 <./images/fig2_conceptual_framework.png>] [13] [14] [15] [16]
Chapter 2.
[17


] [18] [19]
Underfull \hbox (badness 10000) in paragraph at lines 397--397
\OT1/cmr/bx/n/12 (+20) tion (Func-tion-al-
 []


Underfull \hbox (badness 10000) in paragraph at lines 397--397
[]|\OT1/cmr/m/n/12 (+20) Moderately Func-
 []


Underfull \hbox (badness 6380) in paragraph at lines 397--397
[]|\OT1/cmr/m/n/12 (+20) Moderately Ac-cept-
 []

[20]
<images/fig3_use_case_diagram.png, id=76, 433.62pt x 591.71063pt>
File: images/fig3_use_case_diagram.png Graphic file (type png)
<use images/fig3_use_case_diagram.png>
Package pdftex.def Info: images/fig3_use_case_diagram.png  used on input line 413.
(pdftex.def)             Requested size: 190.66106pt x 260.16803pt.
 [21]
<images/context diagram.png, id=80, 623.32875pt x 343.2825pt>
File: images/context diagram.png Graphic file (type png)
<use images/context diagram.png>
Package pdftex.def Info: images/context diagram.png  used on input line 428.
(pdftex.def)             Requested size: 390.26431pt x 214.92816pt.
 [22 <./images/fig3_use_case_diagram.png>]
<images/lvl1_diagram.png, id=85, 617.30624pt x 599.23875pt>
File: images/lvl1_diagram.png Graphic file (type png)
<use images/lvl1_diagram.png>
Package pdftex.def Info: images/lvl1_diagram.png  used on input line 435.
(pdftex.def)             Requested size: 335.02646pt x 325.22081pt.
 [23 <./images/context diagram.png> <./images/lvl1_diagram.png>]
<images/erd.png, id=91, 1486.55376pt x 1075.01625pt>
File: images/erd.png Graphic file (type png)
<use images/erd.png>
Package pdftex.def Info: images/erd.png  used on input line 447.
(pdftex.def)             Requested size: 390.26024pt x 282.2206pt.
 [24 <./images/erd.png>]
<images/fig4_bpmn_diagram.png, id=96, 363.60844pt x 636.87938pt>
File: images/fig4_bpmn_diagram.png Graphic file (type png)
<use images/fig4_bpmn_diagram.png>
Package pdftex.def Info: images/fig4_bpmn_diagram.png  used on input line 460.
(pdftex.def)             Requested size: 260.18333pt x 455.72487pt.
 [25 <./images/fig4_bpmn_diagram.png>]
<images/fig5_system_architecture.png, id=102, 419.31656pt x 569.12625pt>
File: images/fig5_system_architecture.png Graphic file (type png)
<use images/fig5_system_architecture.png>
Package pdftex.def Info: images/fig5_system_architecture.png  used on input line 473.
(pdftex.def)             Requested size: 191.69148pt x 260.1773pt.
 [26 <./images/fig5_system_architecture.png>]
<images/fig6_project_timeline.png, id=107, 377.15906pt x 457.71pt>
File: images/fig6_project_timeline.png Graphic file (type png)
<use images/fig6_project_timeline.png>
Package pdftex.def Info: images/fig6_project_timeline.png  used on input line 484.
(pdftex.def)             Requested size: 390.25645pt x 473.60466pt.
 [27] [28 <./images/fig6_project_timeline.png>]
Chapter 3.
LaTeX Font Info:    External font `cmex10' loaded for size
(Font)              <10.95> on input line 519.
[29


] [30] [31]
Underfull \hbox (badness 10000) in paragraph at lines 771--771
[]|\OT1/cmr/bx/n/12 (+20) Wtd.
 []


Overfull \hbox (12.89948pt too wide) in alignment at lines 767--773
 [] [] [] 
 []


Underfull \hbox (badness 10000) in paragraph at lines 775--775
[]|\OT1/cmr/bx/n/12 (+20) Wtd.
 []


Overfull \hbox (12.89948pt too wide) in alignment at lines 773--777
 [] [] [] 
 []


Overfull \hbox (12.89948pt too wide) in alignment at lines 777--779
 [] [] [] 
 []


Underfull \hbox (badness 1783) in paragraph at lines 794--795
[]|\OT1/cmr/m/n/12 (+20) The barangay does not have ac-cess to real-time
 []


Overfull \hbox (12.89948pt too wide) in alignment at lines 779--805
 [] [] [] 
 []

[32] [33]
Underfull \hbox (badness 10000) in paragraph at lines 834--834
[]|\OT1/cmr/bx/n/12 (+20) Wtd.
 []


Overfull \hbox (7.209pt too wide) in alignment at lines 830--836
 [] [] [] 
 []


Underfull \hbox (badness 10000) in paragraph at lines 838--838
[]|\OT1/cmr/bx/n/12 (+20) Wtd.
 []


Overfull \hbox (7.209pt too wide) in alignment at lines 836--840
 [] [] [] 
 []


Overfull \hbox (7.209pt too wide) in alignment at lines 840--842
 [] [] [] 
 []


Underfull \hbox (badness 10000) in paragraph at lines 844--844
[]|\OT1/cmr/m/n/12 (+20) Extremely
 []


Underfull \hbox (badness 10000) in paragraph at lines 846--846
[]|\OT1/cmr/m/n/12 (+20) Extremely
 []


Underfull \hbox (badness 10000) in paragraph at lines 848--848
[]|\OT1/cmr/m/n/12 (+20) Extremely
 []


Underfull \hbox (badness 10000) in paragraph at lines 850--850
[]|\OT1/cmr/m/n/12 (+20) Extremely
 []


Underfull \hbox (badness 10000) in paragraph at lines 852--852
[]|\OT1/cmr/m/n/12 (+20) Extremely
 []


Underfull \hbox (badness 10000) in paragraph at lines 854--854
[]|\OT1/cmr/m/n/12 (+20) Extremely
 []


Underfull \hbox (badness 1874) in paragraph at lines 855--856
[]|\OT1/cmr/m/n/12 (+20) Coordination/communication mod-ule for re-sponse
 []


Underfull \hbox (badness 10000) in paragraph at lines 856--856
[]|\OT1/cmr/m/n/12 (+20) Extremely
 []


Underfull \hbox (badness 10000) in paragraph at lines 858--858
[]|\OT1/cmr/m/n/12 (+20) Extremely
 []


Underfull \hbox (badness 10000) in paragraph at lines 860--860
[]|\OT1/cmr/m/n/12 (+20) Extremely
 []


Underfull \hbox (badness 10000) in paragraph at lines 862--862
[]|\OT1/cmr/m/n/12 (+20) Extremely
 []


Underfull \hbox (badness 10000) in paragraph at lines 864--864
[]|\OT1/cmr/m/n/12 (+20) Extremely
 []


Underfull \hbox (badness 10000) in paragraph at lines 866--867
[]|\OT1/cmr/m/n/12 (+20) Extremely
 []


Overfull \hbox (7.209pt too wide) in alignment at lines 842--868
 [] [] [] 
 []

[34]
Underfull \hbox (badness 10000) in paragraph at lines 899--899
[]|\OT1/cmr/bx/n/10.95 (+20) Wtd.
 []


Underfull \hbox (badness 10000) in paragraph at lines 902--902
[]|\OT1/cmr/m/n/10.95 (+20) Extremely Im-
 []


Underfull \hbox (badness 10000) in paragraph at lines 904--904
[]|\OT1/cmr/m/n/10.95 (+20) Extremely Im-
 []


Underfull \hbox (badness 10000) in paragraph at lines 906--906
[]|\OT1/cmr/m/n/10.95 (+20) Extremely Im-
 []


Underfull \hbox (badness 10000) in paragraph at lines 908--908
[]|\OT1/cmr/m/n/10.95 (+20) Extremely Im-
 []


Underfull \hbox (badness 10000) in paragraph at lines 910--910
[]|\OT1/cmr/m/n/10.95 (+20) Extremely Im-
 []


Underfull \hbox (badness 10000) in paragraph at lines 912--912
[]|\OT1/cmr/m/n/10.95 (+20) Extremely Im-
 []


Underfull \hbox (badness 10000) in paragraph at lines 914--914
[]|\OT1/cmr/m/n/10.95 (+20) Extremely Im-
 []


Underfull \hbox (badness 10000) in paragraph at lines 916--916
[]|\OT1/cmr/m/n/10.95 (+20) Extremely Im-
 []


Underfull \hbox (badness 10000) in paragraph at lines 918--918
[]|\OT1/cmr/m/n/10.95 (+20) Extremely Im-
 []


Underfull \hbox (badness 10000) in paragraph at lines 920--921
[]|\OT1/cmr/m/n/10.95 (+20) Extremely Im-
 []


Overfull \hbox (1.51854pt too wide) in paragraph at lines 897--923
 [][] 
 []

[35]
Underfull \hbox (badness 10000) in paragraph at lines 968--969
[]|\OT1/cmr/m/n/10.95 (+20) Color-coded flood alert level map
 []

[36]
Underfull \hbox (badness 10000) in paragraph at lines 1008--1008
[]|\OT1/cmr/bx/n/12 (+20) Wtd.
 []


Overfull \hbox (1.971pt too wide) in paragraph at lines 1008--1009
[]|\OT1/cmr/bx/n/12 (-20) Interpretation| 
 []


Overfull \hbox (1.51854pt too wide) in alignment at lines 1004--1010
 [] [] [] 
 []


Underfull \hbox (badness 10000) in paragraph at lines 1012--1012
[]|\OT1/cmr/bx/n/12 (+20) Wtd.
 []


Overfull \hbox (1.971pt too wide) in paragraph at lines 1012--1013
[]|\OT1/cmr/bx/n/12 (-20) Interpretation| 
 []


Overfull \hbox (1.51854pt too wide) in alignment at lines 1010--1014
 [] [] [] 
 []


Overfull \hbox (1.51854pt too wide) in alignment at lines 1014--1016
 [] [] [] 
 []


Underfull \hbox (badness 10000) in paragraph at lines 1017--1018
[]|\OT1/cmr/m/n/12 (+20) Color-coded flood level map
 []


Underfull \hbox (badness 10000) in paragraph at lines 1018--1018
[]|\OT1/cmr/m/n/12 (+20) Extremely
 []


Underfull \hbox (badness 10000) in paragraph at lines 1020--1020
[]|\OT1/cmr/m/n/12 (+20) Extremely
 []


Underfull \hbox (badness 10000) in paragraph at lines 1022--1022
[]|\OT1/cmr/m/n/12 (+20) Extremely
 []


Underfull \hbox (badness 10000) in paragraph at lines 1024--1024
[]|\OT1/cmr/m/n/12 (+20) Extremely
 []


Underfull \hbox (badness 10000) in paragraph at lines 1026--1026
[]|\OT1/cmr/m/n/12 (+20) Extremely
 []


Underfull \hbox (badness 10000) in paragraph at lines 1028--1028
[]|\OT1/cmr/m/n/12 (+20) Extremely
 []


Underfull \hbox (badness 10000) in paragraph at lines 1030--1030
[]|\OT1/cmr/m/n/12 (+20) Extremely
 []


Overfull \hbox (1.51854pt too wide) in alignment at lines 1016--1034
 [] [] [] 
 []

[37] [38]
Underfull \hbox (badness 2941) in paragraph at lines 1115--1121
[]\OT1/cmr/m/n/12 (+20) For vi-su-al-iza-tion pref-er-ences, the color-coded flood alert level map
 []

[39] [40] [41] [42] [43

] [44] [45] [46] [47] [48] [49] [50] [51


] [52

] (main copy.aux)
 ***********
LaTeX2e <2025-11-01>
L3 programming layer <2026-01-19>
 ***********
Package logreq Info: Writing requests to '"main copy".run.xml'.
\openout1 = `"main copy.run.xml"'.

 ) 
Here is how much of TeX's memory you used:
 14223 strings out of 467867
 270089 string characters out of 5428401
 1140004 words of memory out of 5000000
 42745 multiletter control sequences out of 15000+600000
 642786 words of font info for 183 fonts, out of 8000000 for 9000
 1141 hyphenation exceptions out of 8191
 78i,12n,80p,1394b,1315s stack positions out of 10000i,1000n,20000p,200000b,200000s
 <C:\Users\janth\AppData\Local\MiKTeX\fonts/pk/ljfour/jknappen/ec/dpi600\tcrm1200.pk><C:/Program Files/MiKTeX/fonts/type1/public/amsfonts/cm/cmbx10.pfb><C:/Program Files/MiKTeX/fonts/type1/public/amsfonts/cm/cmbx12.pfb><C:/Program Files/MiKTeX/fonts/type1/public/amsfonts/cm/cmcsc10.pfb><C:/Program Files/MiKTeX/fonts/type1/public/amsfonts/cm/cmex10.pfb><C:/Program Files/MiKTeX/fonts/type1/public/amsfonts/cm/cmmi12.pfb><C:/Program Files/MiKTeX/fonts/type1/public/amsfonts/cm/cmr10.pfb><C:/Program Files/MiKTeX/fonts/type1/public/amsfonts/cm/cmr12.pfb><C:/Program Files/MiKTeX/fonts/type1/public/amsfonts/cm/cmr8.pfb><C:/Program Files/MiKTeX/fonts/type1/public/amsfonts/cm/cmsy10.pfb><C:/Program Files/MiKTeX/fonts/type1/public/amsfonts/cm/cmti12.pfb><C:/Program Files/MiKTeX/fonts/type1/public/amsfonts/cm/cmtt12.pfb>
Output written on "main copy.pdf" (52 pages, 714968 bytes).
PDF statistics:
 248 PDF objects out of 1000 (max. 8388607)
 0 named destinations out of 1000 (max. 500000)
 31278 words of extra memory for PDF output out of 35830 (max. 10000000)

